157.55.39.124 - - [03/Dec/2014:13:15:08 -0500] "GET /~schatz/images/clas3.jpg HTTP/1.1" 200 4954 "-" "Mozilla/5.0 (compatible; bingbot/2.0; +http://www.bing.com/bingbot.htm)"
10.1.33.88 - - [03/Dec/2014:13:19:06 -0500] "GET / HTTP/1.0" 200 3239 "-" "Servers Alive URL check"
163.238.89.62 - - [03/Dec/2014:13:19:15 -0500] "GET /~schatz/csc233/handouts/clc.html HTTP/1.1" 200 4490 "https://www.google.com/" "Mozilla/5.0 (Windows NT 6.1) AppleWebKit/537.36 (KHTML, like Gecko) Chrome/39.0.2171.71 Safari/537.36"
163.238.89.62 - - [03/Dec/2014:13:19:15 -0500] "GET /favicon.ico HTTP/1.1" 404 1012 "-" "Mozilla/5.0 (Windows NT 6.1) AppleWebKit/537.36 (KHTML, like Gecko) Chrome/39.0.2171.71 Safari/537.36"
66.249.67.3 - - [03/Dec/2014:13:20:20 -0500] "GET /~schatz/csc236/handouts/heapsort.html HTTP/1.1" 304 - "-" "Mozilla/5.0 (compatible; Googlebot/2.1; +http://www.google.com/bot.html)"
66.249.67.3 - - [03/Dec/2014:13:21:32 -0500] "GET /~schatz/index.html HTTP/1.1" 200 8534 "-" "DoCoMo/2.0 N905i(c100;TB;W24H16) (compatible; Googlebot-Mobile/2.1; +http://www.google.com/bot.html)"
66.249.67.8 - - [03/Dec/2014:13:21:38 -0500] "GET /~schatz/officehours.html HTTP/1.1" 200 4868 "-" "DoCoMo/2.0 N905i(c100;TB;W24H16) (compatible; Googlebot-Mobile/2.1; +http://www.google.com/bot.html)"
157.55.39.66 - - [03/Dec/2014:13:22:05 -0500] "GET /~schatz/csc236/homework/list.homework.q2.png HTTP/1.1" 200 3936 "-" "Mozilla/5.0 (compatible; bingbot/2.0; +http://www.bing.com/bingbot.htm)"
10.2.6.57 - - [03/Dec/2014:13:22:44 -0500] "GET /~schatz/csc161/csc161.handouts.html HTTP/1.1" 200 4490 "http://cs.middlesexcc.edu/~schatz/csc161/index.html" "Mozilla/5.0 (Windows NT 6.3; WOW64) AppleWebKit/537.36 (KHTML, like Gecko) Chrome/39.0.2171.71 Safari/537.36"
10.2.6.57 - - [03/Dec/2014:13:22:52 -0500] "GET /~schatz/csc161/handouts/arrays.files.html HTTP/1.1" 200 3646 "http://cs.middlesexcc.edu/~schatz/csc161/csc161.handouts.html" "Mozilla/5.0 (Windows NT 6.3; WOW64) AppleWebKit/537.36 (KHTML, like Gecko) Chrome/39.0.2171.71 Safari/537.36"
10.1.33.88 - - [03/Dec/2014:13:23:12 -0500] "GET / HTTP/1.0" 200 3239 "-" "Servers Alive URL check"
50.176.149.222 - - [03/Dec/2014:13:26:59 -0500] "GET /~schatz/csc106/handouts/vars.and.forms.html HTTP/1.1" 200 3260 "-" "Mozilla/5.0 (Windows NT 6.3; WOW64; rv:33.0) Gecko/20100101 Firefox/33.0"
50.176.149.222 - - [03/Dec/2014:13:26:59 -0500] "GET /~schatz/csc106/handouts/names.form.png HTTP/1.1" 200 8271 "http://cs.middlesexcc.edu/~schatz/csc106/handouts/vars.and.forms.html" "Mozilla/5.0 (Windows NT 6.3; WOW64; rv:33.0) Gecko/20100101 Firefox/33.0"
50.176.149.222 - - [03/Dec/2014:13:26:59 -0500] "GET /~schatz/csc106/handouts/sum.form.png HTTP/1.1" 200 7571 "http://cs.middlesexcc.edu/~schatz/csc106/handouts/vars.and.forms.html" "Mozilla/5.0 (Windows NT 6.3; WOW64; rv:33.0) Gecko/20100101 Firefox/33.0"
50.176.149.222 - - [03/Dec/2014:13:26:59 -0500] "GET /favicon.ico HTTP/1.1" 404 1009 "-" "Mozilla/5.0 (Windows NT 6.3; WOW64; rv:33.0) Gecko/20100101 Firefox/33.0"
50.176.149.222 - - [03/Dec/2014:13:26:59 -0500] "GET /favicon.ico HTTP/1.1" 404 1009 "-" "Mozilla/5.0 (Windows NT 6.3; WOW64; rv:33.0) Gecko/20100101 Firefox/33.0"
10.1.33.88 - - [03/Dec/2014:13:27:19 -0500] "GET / HTTP/1.0" 200 3239 "-" "Servers Alive URL check"
10.1.33.88 - - [03/Dec/2014:13:31:25 -0500] "GET / HTTP/1.0" 200 3239 "-" "Servers Alive URL check"
10.1.33.88 - - [03/Dec/2014:13:35:31 -0500] "GET / HTTP/1.0" 200 3239 "-" "Servers Alive URL check"
157.55.39.100 - - [03/Dec/2014:13:38:24 -0500] "GET /~schatz/csc133/handouts/selection.html HTTP/1.1" 200 3474 "-" "Mozilla/5.0 (compatible; bingbot/2.0; +http://www.bing.com/bingbot.htm)"
10.1.33.88 - - [03/Dec/2014:13:39:37 -0500] "GET / HTTP/1.0" 200 3239 "-" "Servers Alive URL check"
10.1.33.88 - - [03/Dec/2014:13:43:43 -0500] "GET / HTTP/1.0" 200 3239 "-" "Servers Alive URL check"
74.208.69.162 - - [03/Dec/2014:13:45:44 -0500] "GET /admin/config.php HTTP/1.1" 404 1006 "-" "curl/7.19.7 (x86_64-redhat-linux-gnu) libcurl/7.19.7 NSS/3.16.1 Basic ECC zlib/1.2.3 libidn/1.18 libssh2/1.4.2"
10.1.33.88 - - [03/Dec/2014:13:47:49 -0500] "GET / HTTP/1.0" 200 3239 "-" "Servers Alive URL check"
74.208.69.162 - - [03/Dec/2014:13:48:02 -0500] "GET /admin/config.php HTTP/1.1" 404 1006 "-" "curl/7.19.7 (x86_64-redhat-linux-gnu) libcurl/7.19.7 NSS/3.16.1 Basic ECC zlib/1.2.3 libidn/1.18 libssh2/1.4.2"
188.165.15.237 - - [03/Dec/2014:13:50:29 -0500] "GET /~schatz/csc264/index.html HTTP/1.1" 404 1012 "-" "Mozilla/5.0 (compatible; AhrefsBot/5.0; +http://ahrefs.com/robot/)"
10.1.33.88 - - [03/Dec/2014:13:51:56 -0500] "GET / HTTP/1.0" 200 3239 "-" "Servers Alive URL check"
123.125.71.103 - - [03/Dec/2014:13:54:45 -0500] "GET / HTTP/1.1" 200 3239 "-" "Mozilla/5.0 (compatible; Baiduspider/2.0; +http://www.baidu.com/search/spider.html)"
220.181.108.155 - - [03/Dec/2014:13:55:08 -0500] "GET / HTTP/1.1" 200 3239 "-" "Mozilla/5.0 (compatible; Baiduspider/2.0; +http://www.baidu.com/search/spider.html)"
10.1.33.88 - - [03/Dec/2014:13:56:02 -0500] "GET / HTTP/1.0" 200 3239 "-" "Servers Alive URL check"
100.43.91.2 - - [03/Dec/2014:13:56:30 -0500] "GET /~schatz/csc236/csc236.exams.html HTTP/1.1" 200 3388 "-" "Mozilla/5.0 (compatible; YandexBot/3.0; +http://yandex.com/bots)"
10.1.33.88 - - [03/Dec/2014:14:00:08 -0500] "GET / HTTP/1.0" 200 3239 "-" "Servers Alive URL check"
10.1.33.88 - - [03/Dec/2014:14:04:14 -0500] "GET / HTTP/1.0" 200 3239 "-" "Servers Alive URL check"
66.249.67.8 - - [03/Dec/2014:14:04:28 -0500] "GET /~schatz/csc211/handouts/image.download.html HTTP/1.1" 200 1997 "-" "Mozilla/5.0 (iPhone; CPU iPhone OS 6_0 like Mac OS X) AppleWebKit/536.26 (KHTML, like Gecko) Version/6.0 Mobile/10A5376e Safari/8536.25 (compatible; Googlebot/2.1; +http://www.google.com/bot.html)"
202.46.50.18 - - [03/Dec/2014:14:07:40 -0500] "GET / HTTP/1.1" 200 3239 "-" "Mozilla/4.0 (compatible; MSIE 7.0; Windows NT 6.0)"
10.1.33.88 - - [03/Dec/2014:14:08:20 -0500] "GET / HTTP/1.0" 200 3239 "-" "Servers Alive URL check"
119.63.193.131 - - [03/Dec/2014:14:09:07 -0500] "GET / HTTP/1.1" 200 3239 "-" "Mozilla/4.0 (compatible; MSIE 7.0; Windows NT 6.0)"
68.40.227.213 - - [03/Dec/2014:14:10:14 -0500] "GET /favicon.ico HTTP/1.1" 404 1012 "-" "Mozilla/5.0 (Macintosh; Intel Mac OS X 10_9_2) AppleWebKit/537.36 (KHTML, like Gecko) Chrome/39.0.2171.71 Safari/537.36"
10.1.33.88 - - [03/Dec/2014:14:12:27 -0500] "GET / HTTP/1.0" 200 3239 "-" "Servers Alive URL check"
10.2.6.57 - - [03/Dec/2014:14:13:59 -0500] "GET /~schatz/csc161/csc161.worksheets.html HTTP/1.1" 200 6376 "http://cs.middlesexcc.edu/~schatz/csc161/index.html" "Mozilla/5.0 (Windows NT 6.3; WOW64) AppleWebKit/537.36 (KHTML, like Gecko) Chrome/39.0.2171.71 Safari/537.36"
10.2.6.19 - - [03/Dec/2014:14:14:01 -0500] "GET /~schatz/csc161/index.html HTTP/1.1" 200 4326 "-" "Mozilla/5.0 (Windows NT 6.3; WOW64) AppleWebKit/537.36 (KHTML, like Gecko) Chrome/39.0.2171.71 Safari/537.36"
10.2.6.19 - - [03/Dec/2014:14:14:01 -0500] "GET /~schatz/detail.css HTTP/1.1" 200 960 "http://cs.middlesexcc.edu/~schatz/csc161/index.html" "Mozilla/5.0 (Windows NT 6.3; WOW64) AppleWebKit/537.36 (KHTML, like Gecko) Chrome/39.0.2171.71 Safari/537.36"
10.2.6.19 - - [03/Dec/2014:14:14:01 -0500] "GET /~schatz/images/name.new.gif HTTP/1.1" 200 4728 "http://cs.middlesexcc.edu/~schatz/csc161/index.html" "Mozilla/5.0 (Windows NT 6.3; WOW64) AppleWebKit/537.36 (KHTML, like Gecko) Chrome/39.0.2171.71 Safari/537.36"
10.2.6.19 - - [03/Dec/2014:14:14:01 -0500] "GET /~schatz/images/new.email.gif HTTP/1.1" 200 1378 "http://cs.middlesexcc.edu/~schatz/csc161/index.html" "Mozilla/5.0 (Windows NT 6.3; WOW64) AppleWebKit/537.36 (KHTML, like Gecko) Chrome/39.0.2171.71 Safari/537.36"
10.2.6.19 - - [03/Dec/2014:14:14:01 -0500] "GET /~schatz/images/officehrs.new.gif HTTP/1.1" 200 1543 "http://cs.middlesexcc.edu/~schatz/csc161/index.html" "Mozilla/5.0 (Windows NT 6.3; WOW64) AppleWebKit/537.36 (KHTML, like Gecko) Chrome/39.0.2171.71 Safari/537.36"
10.2.6.19 - - [03/Dec/2014:14:14:01 -0500] "GET /~schatz/images/mcchome.gif HTTP/1.1" 200 1450 "http://cs.middlesexcc.edu/~schatz/csc161/index.html" "Mozilla/5.0 (Windows NT 6.3; WOW64) AppleWebKit/537.36 (KHTML, like Gecko) Chrome/39.0.2171.71 Safari/537.36"
10.2.6.19 - - [03/Dec/2014:14:14:01 -0500] "GET /~schatz/images/myhome.gif HTTP/1.1" 200 1381 "http://cs.middlesexcc.edu/~schatz/csc161/index.html" "Mozilla/5.0 (Windows NT 6.3; WOW64) AppleWebKit/537.36 (KHTML, like Gecko) Chrome/39.0.2171.71 Safari/537.36"
10.2.6.19 - - [03/Dec/2014:14:14:01 -0500] "GET /~schatz/images/cshome.gif HTTP/1.1" 200 1537 "http://cs.middlesexcc.edu/~schatz/csc161/index.html" "Mozilla/5.0 (Windows NT 6.3; WOW64) AppleWebKit/537.36 (KHTML, like Gecko) Chrome/39.0.2171.71 Safari/537.36"
10.2.6.19 - - [03/Dec/2014:14:14:01 -0500] "GET /~schatz/images/roll.email.gif HTTP/1.1" 200 1378 "http://cs.middlesexcc.edu/~schatz/csc161/index.html" "Mozilla/5.0 (Windows NT 6.3; WOW64) AppleWebKit/537.36 (KHTML, like Gecko) Chrome/39.0.2171.71 Safari/537.36"
10.2.6.19 - - [03/Dec/2014:14:14:01 -0500] "GET /~schatz/images/roll.officehrs.gif HTTP/1.1" 200 1547 "http://cs.middlesexcc.edu/~schatz/csc161/index.html" "Mozilla/5.0 (Windows NT 6.3; WOW64) AppleWebKit/537.36 (KHTML, like Gecko) Chrome/39.0.2171.71 Safari/537.36"
10.2.6.19 - - [03/Dec/2014:14:14:01 -0500] "GET /~schatz/images/roll.myhome.gif HTTP/1.1" 200 1405 "http://cs.middlesexcc.edu/~schatz/csc161/index.html" "Mozilla/5.0 (Windows NT 6.3; WOW64) AppleWebKit/537.36 (KHTML, like Gecko) Chrome/39.0.2171.71 Safari/537.36"
10.2.6.19 - - [03/Dec/2014:14:14:01 -0500] "GET /~schatz/images/roll.cshome.gif HTTP/1.1" 200 1538 "http://cs.middlesexcc.edu/~schatz/csc161/index.html" "Mozilla/5.0 (Windows NT 6.3; WOW64) AppleWebKit/537.36 (KHTML, like Gecko) Chrome/39.0.2171.71 Safari/537.36"
10.2.6.19 - - [03/Dec/2014:14:14:01 -0500] "GET /~schatz/images/roll.mcchome.gif HTTP/1.1" 200 1467 "http://cs.middlesexcc.edu/~schatz/csc161/index.html" "Mozilla/5.0 (Windows NT 6.3; WOW64) AppleWebKit/537.36 (KHTML, like Gecko) Chrome/39.0.2171.71 Safari/537.36"
10.2.6.19 - - [03/Dec/2014:14:14:01 -0500] "GET /favicon.ico HTTP/1.1" 404 1009 "-" "Mozilla/5.0 (Windows NT 6.3; WOW64) AppleWebKit/537.36 (KHTML, like Gecko) Chrome/39.0.2171.71 Safari/537.36"
10.2.6.19 - - [03/Dec/2014:14:14:02 -0500] "GET /~schatz/csc161/csc161.labs.html HTTP/1.1" 200 3961 "http://cs.middlesexcc.edu/~schatz/csc161/index.html" "Mozilla/5.0 (Windows NT 6.3; WOW64) AppleWebKit/537.36 (KHTML, like Gecko) Chrome/39.0.2171.71 Safari/537.36"
10.2.6.57 - - [03/Dec/2014:14:14:02 -0500] "GET /~schatz/csc161/worksheets/twod.array.worksheet.html HTTP/1.1" 200 4196 "http://cs.middlesexcc.edu/~schatz/csc161/csc161.worksheets.html" "Mozilla/5.0 (Windows NT 6.3; WOW64) AppleWebKit/537.36 (KHTML, like Gecko) Chrome/39.0.2171.71 Safari/537.36"
10.2.6.19 - - [03/Dec/2014:14:14:07 -0500] "GET /~schatz/csc161/labs/csc161.lab11.html HTTP/1.1" 200 3515 "http://cs.middlesexcc.edu/~schatz/csc161/csc161.labs.html" "Mozilla/5.0 (Windows NT 6.3; WOW64) AppleWebKit/537.36 (KHTML, like Gecko) Chrome/39.0.2171.71 Safari/537.36"
10.2.6.19 - - [03/Dec/2014:14:14:32 -0500] "GET /~schatz/csc161/csc161.syllabus.html HTTP/1.1" 200 2879 "-" "Mozilla/5.0 (Windows NT 6.3; WOW64) AppleWebKit/537.36 (KHTML, like Gecko) Chrome/39.0.2171.71 Safari/537.36"
10.2.6.19 - - [03/Dec/2014:14:14:40 -0500] "GET /~schatz/csc161/csc161.policies.html HTTP/1.1" 200 7874 "-" "Mozilla/5.0 (Windows NT 6.3; WOW64) AppleWebKit/537.36 (KHTML, like Gecko) Chrome/39.0.2171.71 Safari/537.36"
10.2.6.57 - - [03/Dec/2014:14:15:22 -0500] "GET /~schatz/csc161/worksheets/final.review.html HTTP/1.1" 200 6302 "http://cs.middlesexcc.edu/~schatz/csc161/csc161.worksheets.html" "Mozilla/5.0 (Windows NT 6.3; WOW64) AppleWebKit/537.36 (KHTML, like Gecko) Chrome/39.0.2171.71 Safari/537.36"
10.1.33.88 - - [03/Dec/2014:14:16:33 -0500] "GET / HTTP/1.0" 200 3239 "-" "Servers Alive URL check"
74.208.69.162 - - [03/Dec/2014:14:16:47 -0500] "GET /admin/config.php HTTP/1.1" 404 1006 "-" "curl/7.19.7 (x86_64-redhat-linux-gnu) libcurl/7.19.7 NSS/3.16.1 Basic ECC zlib/1.2.3 libidn/1.18 libssh2/1.4.2"
88.224.63.104 - - [03/Dec/2014:14:16:47 -0500] "GET /~schatz/csc134/handouts/accounts.poly.html HTTP/1.1" 200 11798 "-" "Mozilla/5.0 (Windows NT 6.1; WOW64) AppleWebKit/537.36 (KHTML, like Gecko) Chrome/35.0.1916.114 Safari/537.36"
88.224.63.104 - - [03/Dec/2014:14:16:49 -0500] "GET /favicon.ico HTTP/1.1" 404 1078 "-" "Mozilla/5.0 (Windows NT 6.1; WOW64) AppleWebKit/537.36 (KHTML, like Gecko) Chrome/35.0.1916.114 Safari/537.36"
88.224.63.104 - - [03/Dec/2014:14:16:49 -0500] "GET /favicon.ico HTTP/1.1" 404 1078 "-" "Mozilla/5.0 (Windows NT 6.1; WOW64) AppleWebKit/537.36 (KHTML, like Gecko) Chrome/35.0.1916.114 Safari/537.36"
66.249.67.3 - - [03/Dec/2014:14:18:01 -0500] "GET /~schatz/csc235/handouts/recursive.arrprint3.html HTTP/1.1" 200 1436 "-" "Mozilla/5.0 (compatible; Googlebot/2.1; +http://www.google.com/bot.html)"
10.2.6.15 - - [03/Dec/2014:14:19:28 -0500] "GET /~schatz/csc161/index.html HTTP/1.1" 200 4326 "-" "Mozilla/5.0 (Windows NT 6.3; WOW64) AppleWebKit/537.36 (KHTML, like Gecko) Chrome/39.0.2171.71 Safari/537.36"
10.2.6.15 - - [03/Dec/2014:14:19:28 -0500] "GET /~schatz/detail.css HTTP/1.1" 200 960 "http://cs.middlesexcc.edu/~schatz/csc161/index.html" "Mozilla/5.0 (Windows NT 6.3; WOW64) AppleWebKit/537.36 (KHTML, like Gecko) Chrome/39.0.2171.71 Safari/537.36"
10.2.6.15 - - [03/Dec/2014:14:19:28 -0500] "GET /~schatz/images/name.new.gif HTTP/1.1" 200 4728 "http://cs.middlesexcc.edu/~schatz/csc161/index.html" "Mozilla/5.0 (Windows NT 6.3; WOW64) AppleWebKit/537.36 (KHTML, like Gecko) Chrome/39.0.2171.71 Safari/537.36"
10.2.6.15 - - [03/Dec/2014:14:19:28 -0500] "GET /~schatz/images/myhome.gif HTTP/1.1" 200 1381 "http://cs.middlesexcc.edu/~schatz/csc161/index.html" "Mozilla/5.0 (Windows NT 6.3; WOW64) AppleWebKit/537.36 (KHTML, like Gecko) Chrome/39.0.2171.71 Safari/537.36"
10.2.6.15 - - [03/Dec/2014:14:19:28 -0500] "GET /~schatz/images/officehrs.new.gif HTTP/1.1" 200 1543 "http://cs.middlesexcc.edu/~schatz/csc161/index.html" "Mozilla/5.0 (Windows NT 6.3; WOW64) AppleWebKit/537.36 (KHTML, like Gecko) Chrome/39.0.2171.71 Safari/537.36"
10.2.6.15 - - [03/Dec/2014:14:19:28 -0500] "GET /~schatz/images/cshome.gif HTTP/1.1" 200 1537 "http://cs.middlesexcc.edu/~schatz/csc161/index.html" "Mozilla/5.0 (Windows NT 6.3; WOW64) AppleWebKit/537.36 (KHTML, like Gecko) Chrome/39.0.2171.71 Safari/537.36"
10.2.6.15 - - [03/Dec/2014:14:19:28 -0500] "GET /~schatz/images/mcchome.gif HTTP/1.1" 200 1450 "http://cs.middlesexcc.edu/~schatz/csc161/index.html" "Mozilla/5.0 (Windows NT 6.3; WOW64) AppleWebKit/537.36 (KHTML, like Gecko) Chrome/39.0.2171.71 Safari/537.36"
10.2.6.15 - - [03/Dec/2014:14:19:28 -0500] "GET /~schatz/images/roll.officehrs.gif HTTP/1.1" 200 1547 "http://cs.middlesexcc.edu/~schatz/csc161/index.html" "Mozilla/5.0 (Windows NT 6.3; WOW64) AppleWebKit/537.36 (KHTML, like Gecko) Chrome/39.0.2171.71 Safari/537.36"
10.2.6.15 - - [03/Dec/2014:14:19:28 -0500] "GET /~schatz/images/roll.myhome.gif HTTP/1.1" 200 1405 "http://cs.middlesexcc.edu/~schatz/csc161/index.html" "Mozilla/5.0 (Windows NT 6.3; WOW64) AppleWebKit/537.36 (KHTML, like Gecko) Chrome/39.0.2171.71 Safari/537.36"
10.2.6.15 - - [03/Dec/2014:14:19:28 -0500] "GET /~schatz/images/roll.cshome.gif HTTP/1.1" 200 1538 "http://cs.middlesexcc.edu/~schatz/csc161/index.html" "Mozilla/5.0 (Windows NT 6.3; WOW64) AppleWebKit/537.36 (KHTML, like Gecko) Chrome/39.0.2171.71 Safari/537.36"
10.2.6.15 - - [03/Dec/2014:14:19:28 -0500] "GET /~schatz/images/roll.mcchome.gif HTTP/1.1" 200 1467 "http://cs.middlesexcc.edu/~schatz/csc161/index.html" "Mozilla/5.0 (Windows NT 6.3; WOW64) AppleWebKit/537.36 (KHTML, like Gecko) Chrome/39.0.2171.71 Safari/537.36"
10.2.6.15 - - [03/Dec/2014:14:19:29 -0500] "GET /~schatz/images/roll.email.gif HTTP/1.1" 200 1378 "http://cs.middlesexcc.edu/~schatz/csc161/index.html" "Mozilla/5.0 (Windows NT 6.3; WOW64) AppleWebKit/537.36 (KHTML, like Gecko) Chrome/39.0.2171.71 Safari/537.36"
10.2.6.15 - - [03/Dec/2014:14:19:29 -0500] "GET /~schatz/images/new.email.gif HTTP/1.1" 200 1378 "http://cs.middlesexcc.edu/~schatz/csc161/index.html" "Mozilla/5.0 (Windows NT 6.3; WOW64) AppleWebKit/537.36 (KHTML, like Gecko) Chrome/39.0.2171.71 Safari/537.36"
10.2.6.15 - - [03/Dec/2014:14:19:29 -0500] "GET /favicon.ico HTTP/1.1" 404 1009 "-" "Mozilla/5.0 (Windows NT 6.3; WOW64) AppleWebKit/537.36 (KHTML, like Gecko) Chrome/39.0.2171.71 Safari/537.36"
74.208.69.162 - - [03/Dec/2014:14:19:50 -0500] "GET /admin/config.php HTTP/1.1" 404 1006 "-" "curl/7.19.7 (x86_64-redhat-linux-gnu) libcurl/7.19.7 NSS/3.16.1 Basic ECC zlib/1.2.3 libidn/1.18 libssh2/1.4.2"
211.244.83.248 - - [03/Dec/2014:14:20:06 -0500] "GET /robots.txt HTTP/1.1" 404 1224 "http://search.daum.net/" "Mozilla/5.0 (compatible; MSIE or Firefox mutant; not on Windows server; + http://tab.search.daum.net/aboutWebSearch.html) Daumoa/3.0"
211.244.83.248 - - [03/Dec/2014:14:20:07 -0500] "GET /index.html HTTP/1.1" 200 3239 "http://search.daum.net/" "Mozilla/5.0 (compatible; MSIE or Firefox mutant; not on Windows server; + http://tab.search.daum.net/aboutWebSearch.html) Daumoa/3.0"
10.1.33.88 - - [03/Dec/2014:14:20:39 -0500] "GET / HTTP/1.0" 200 3239 "-" "Servers Alive URL check"
184.41.233.61 - - [03/Dec/2014:14:20:42 -0500] "GET /~schatz/csc133/handouts/samplepgm.weekly.tax.html HTTP/1.1" 200 1913 "https://www.google.com/" "Mozilla/5.0 (Windows NT 6.1; WOW64) AppleWebKit/537.36 (KHTML, like Gecko) Chrome/39.0.2171.71 Safari/537.36"
184.41.233.61 - - [03/Dec/2014:14:20:42 -0500] "GET /favicon.ico HTTP/1.1" 404 1009 "-" "Mozilla/5.0 (Windows NT 6.1; WOW64) AppleWebKit/537.36 (KHTML, like Gecko) Chrome/39.0.2171.71 Safari/537.36"
165.155.204.104 - - [03/Dec/2014:14:21:57 -0500] "GET /~schatz/csc105/handouts/ascii.html HTTP/1.1" 200 7641 "https://www.google.com/" "Mozilla/5.0 (Windows NT 6.1) AppleWebKit/536.11 (KHTML, like Gecko) Chrome/20.0.1132.57 Safari/536.11"
165.155.204.104 - - [03/Dec/2014:14:21:57 -0500] "GET /favicon.ico HTTP/1.1" 404 1009 "-" "Mozilla/5.0 (Windows NT 6.1) AppleWebKit/536.11 (KHTML, like Gecko) Chrome/20.0.1132.57 Safari/536.11"
10.1.33.88 - - [03/Dec/2014:14:24:46 -0500] "GET / HTTP/1.0" 200 3239 "-" "Servers Alive URL check"
24.61.12.8 - - [03/Dec/2014:14:26:22 -0500] "GET /~schatz/csc133/handouts/filesen.html HTTP/1.1" 200 2442 "https://www.google.com/" "Mozilla/5.0 (Windows NT 6.1; WOW64) AppleWebKit/537.36 (KHTML, like Gecko) Chrome/39.0.2171.71 Safari/537.36"
24.61.12.8 - - [03/Dec/2014:14:26:22 -0500] "GET /favicon.ico HTTP/1.1" 404 1009 "-" "Mozilla/5.0 (Windows NT 6.1; WOW64) AppleWebKit/537.36 (KHTML, like Gecko) Chrome/39.0.2171.71 Safari/537.36"
10.1.33.88 - - [03/Dec/2014:14:28:52 -0500] "GET / HTTP/1.0" 200 3239 "-" "Servers Alive URL check"
217.69.133.30 - - [03/Dec/2014:14:29:37 -0500] "GET /robots.txt HTTP/1.1" 404 1012 "-" "Mozilla/5.0 (compatible; Linux x86_64; Mail.RU_Bot/2.0; +http://go.mail.ru/help/robots)"
217.69.133.31 - - [03/Dec/2014:14:29:52 -0500] "GET /~schatz/csc236/homework/stack.homework.html HTTP/1.1" 304 - "-" "Mozilla/5.0 (compatible; Linux x86_64; Mail.RU_Bot/2.0; +http://go.mail.ru/help/robots)"
101.226.169.196 - - [03/Dec/2014:14:29:55 -0500] "GET /robots.txt HTTP/1.1" 404 1166 "http://cs.middlesexcc.edu/robots.txt" "Mozilla/5.0 (Windows NT 6.1) AppleWebKit/537.1 (KHTML, like Gecko) Chrome/21.0.1180.89 Safari/537.1; 360Spider"
50.182.161.114 - - [03/Dec/2014:14:32:02 -0500] "GET /~schatz/csc263/labs/csc263.lab3.html HTTP/1.1" 200 1334 "http://cs.middlesexcc.edu/~schatz/csc263/csc263.labs.html" "Mozilla/5.0 (X11; Linux x86_64; rv:34.0) Gecko/20100101 Firefox/34.0"
50.182.161.114 - - [03/Dec/2014:14:32:02 -0500] "GET /~schatz/detail.css HTTP/1.1" 200 960 "http://cs.middlesexcc.edu/~schatz/csc263/labs/csc263.lab3.html" "Mozilla/5.0 (X11; Linux x86_64; rv:34.0) Gecko/20100101 Firefox/34.0"
50.182.161.114 - - [03/Dec/2014:14:32:03 -0500] "GET /favicon.ico HTTP/1.1" 404 1009 "-" "Mozilla/5.0 (X11; Linux x86_64; rv:34.0) Gecko/20100101 Firefox/34.0"
50.182.161.114 - - [03/Dec/2014:14:32:03 -0500] "GET /favicon.ico HTTP/1.1" 404 1009 "-" "Mozilla/5.0 (X11; Linux x86_64; rv:34.0) Gecko/20100101 Firefox/34.0"
76.200.226.84 - - [03/Dec/2014:14:32:10 -0500] "GET /~schatz/csc133/handouts/parallel.arrays.html HTTP/1.1" 200 5215 "https://www.google.com/" "Mozilla/5.0 (Windows NT 6.1; WOW64) AppleWebKit/537.36 (KHTML, like Gecko) Chrome/39.0.2171.71 Safari/537.36"
76.200.226.84 - - [03/Dec/2014:14:32:10 -0500] "GET /favicon.ico HTTP/1.1" 404 1009 "-" "Mozilla/5.0 (Windows NT 6.1; WOW64) AppleWebKit/537.36 (KHTML, like Gecko) Chrome/39.0.2171.71 Safari/537.36"
10.1.33.88 - - [03/Dec/2014:14:32:58 -0500] "GET / HTTP/1.0" 200 3239 "-" "Servers Alive URL check"
180.76.6.213 - - [03/Dec/2014:14:34:36 -0500] "GET /~schatz/csc161/worksheets/final.review.ans.html HTTP/1.1" 200 6006 "-" "Mozilla/5.0 (compatible; Baiduspider/2.0; +http://www.baidu.com/search/spider.html)"
157.55.39.125 - - [03/Dec/2014:14:35:10 -0500] "GET /~schatz/csc235/handouts/queuearr.h.html HTTP/1.1" 304 - "-" "Mozilla/5.0 (compatible; bingbot/2.0; +http://www.bing.com/bingbot.htm)"
157.55.39.66 - - [03/Dec/2014:14:35:13 -0500] "GET /~schatz/images/mouse.jpg HTTP/1.1" 200 2228 "-" "Mozilla/5.0 (compatible; bingbot/2.0; +http://www.bing.com/bingbot.htm)"
10.1.33.88 - - [03/Dec/2014:14:37:04 -0500] "GET / HTTP/1.0" 200 3239 "-" "Servers Alive URL check"
204.155.95.7 - - [03/Dec/2014:14:38:40 -0500] "GET /~schatz/csc161/worksheets/twod.array.worksheet.ans.html HTTP/1.1" 404 1770 "http://www.google.com/url?sa=t&rct=j&q=arrays%202d%20worksheet%20answer&source=web&cd=6&ved=0CD0QFjAF&url=http%3A%2F%2Fcs.middlesexcc.edu%2F~schatz%2Fcsc161%2Fworksheets%2Ftwod.array.worksheet.ans.html&ei=LWd_VPPoLISqyASN7YGQBw&usg=AFQjCNEWL5QGNaCDcJffT4nvE8yIGmWA-g&sig2=a7Sny6XXmGzsCFyqoRk1jA&bvm=bv.80642063,d.aWw" "Mozilla/5.0 (Macintosh; Intel Mac OS X 10.8; rv:24.0) Gecko/20100101 Firefox/24.0"
204.155.95.7 - - [03/Dec/2014:14:38:41 -0500] "GET /favicon.ico HTTP/1.1" 404 1009 "-" "Mozilla/5.0 (Macintosh; Intel Mac OS X 10.8; rv:24.0) Gecko/20100101 Firefox/24.0"
204.155.95.7 - - [03/Dec/2014:14:38:41 -0500] "GET /favicon.ico HTTP/1.1" 404 1009 "-" "Mozilla/5.0 (Macintosh; Intel Mac OS X 10.8; rv:24.0) Gecko/20100101 Firefox/24.0"
157.55.39.66 - - [03/Dec/2014:14:39:06 -0500] "GET /~schatz/csc133/handouts/filein.html HTTP/1.1" 304 - "-" "Mozilla/5.0 (compatible; bingbot/2.0; +http://www.bing.com/bingbot.htm)"
157.55.39.66 - - [03/Dec/2014:14:40:31 -0500] "GET /~schatz/csc106/handouts/binary.html HTTP/1.1" 200 10534 "-" "Mozilla/5.0 (compatible; bingbot/2.0; +http://www.bing.com/bingbot.htm)"
10.1.33.88 - - [03/Dec/2014:14:41:11 -0500] "GET / HTTP/1.0" 200 3239 "-" "Servers Alive URL check"
121.189.37.50 - - [03/Dec/2014:14:45:08 -0500] "GET / HTTP/1.1" 200 3239 "-" "Mozilla/5.0 (compatible; ZumBot/1.0; http://help.zum.com/inquiry)"
121.189.37.50 - - [03/Dec/2014:14:45:08 -0500] "GET /index_files/Tclrlogo.gif HTTP/1.1" 200 5406 "http://cs.middlesexcc.edu/" "Mozilla/5.0 (compatible; ZumBot/1.0; http://help.zum.com/inquiry)"
10.1.33.88 - - [03/Dec/2014:14:45:18 -0500] "GET / HTTP/1.0" 200 3239 "-" "Servers Alive URL check"
10.2.6.15 - - [03/Dec/2014:14:46:49 -0500] "GET /~schatz/csc161/csc161.labs.html HTTP/1.1" 200 3961 "http://cs.middlesexcc.edu/~schatz/csc161/index.html" "Mozilla/5.0 (Windows NT 6.3; WOW64) AppleWebKit/537.36 (KHTML, like Gecko) Chrome/39.0.2171.71 Safari/537.36"
10.2.6.15 - - [03/Dec/2014:14:46:50 -0500] "GET /~schatz/csc161/labs/csc161.lab7.html HTTP/1.1" 200 2361 "http://cs.middlesexcc.edu/~schatz/csc161/csc161.labs.html" "Mozilla/5.0 (Windows NT 6.3; WOW64) AppleWebKit/537.36 (KHTML, like Gecko) Chrome/39.0.2171.71 Safari/537.36"
100.43.91.2 - - [03/Dec/2014:14:47:00 -0500] "GET /~schatz/csc236/worksheets/recursion2.answers.html HTTP/1.1" 200 1276 "-" "Mozilla/5.0 (compatible; YandexBot/3.0; +http://yandex.com/bots)"
10.1.33.88 - - [03/Dec/2014:14:49:25 -0500] "GET / HTTP/1.0" 200 3239 "-" "Servers Alive URL check"
10.1.33.88 - - [03/Dec/2014:14:53:31 -0500] "GET / HTTP/1.0" 200 3239 "-" "Servers Alive URL check"
91.123.23.59 - - [03/Dec/2014:14:55:45 -0500] "GET /~schatz/csc236/handouts/WeightedGraph.html HTTP/1.1" 200 5271 "https://www.google.com/" "Mozilla/5.0 (Windows NT 6.1; WOW64) AppleWebKit/537.36 (KHTML, like Gecko) Chrome/39.0.2171.71 Safari/537.36"
91.123.23.59 - - [03/Dec/2014:14:55:45 -0500] "GET /~schatz/detail.css HTTP/1.1" 200 960 "http://cs.middlesexcc.edu/~schatz/csc236/handouts/WeightedGraph.html" "Mozilla/5.0 (Windows NT 6.1; WOW64) AppleWebKit/537.36 (KHTML, like Gecko) Chrome/39.0.2171.71 Safari/537.36"
91.123.23.59 - - [03/Dec/2014:14:55:46 -0500] "GET /favicon.ico HTTP/1.1" 404 1009 "-" "Mozilla/5.0 (Windows NT 6.1; WOW64) AppleWebKit/537.36 (KHTML, like Gecko) Chrome/39.0.2171.71 Safari/537.36"
123.125.71.80 - - [03/Dec/2014:14:56:55 -0500] "GET / HTTP/1.1" 200 3239 "-" "Mozilla/5.0 (compatible; Baiduspider/2.0; +http://www.baidu.com/search/spider.html)"
220.181.108.142 - - [03/Dec/2014:14:57:22 -0500] "GET / HTTP/1.1" 200 3239 "-" "Mozilla/5.0 (compatible; Baiduspider/2.0; +http://www.baidu.com/search/spider.html)"
10.1.33.88 - - [03/Dec/2014:14:57:37 -0500] "GET / HTTP/1.0" 200 3239 "-" "Servers Alive URL check"
131.118.255.94 - - [03/Dec/2014:14:57:41 -0500] "GET /~schatz/csc133/handouts/parallel.arrays.html HTTP/1.1" 200 5215 "https://www.google.com/" "Mozilla/5.0 (Windows NT 6.1; WOW64) AppleWebKit/537.36 (KHTML, like Gecko) Chrome/38.0.2125.104 Safari/537.36"
131.118.255.94 - - [03/Dec/2014:14:57:41 -0500] "GET /favicon.ico HTTP/1.1" 404 1009 "-" "Mozilla/5.0 (Windows NT 6.1; WOW64) AppleWebKit/537.36 (KHTML, like Gecko) Chrome/38.0.2125.104 Safari/537.36"
66.249.67.8 - - [03/Dec/2014:14:58:20 -0500] "GET /~schatz/csc133/worksheets/array.worksheet.ans.html HTTP/1.1" 200 3181 "-" "Mozilla/5.0 (iPhone; CPU iPhone OS 6_0 like Mac OS X) AppleWebKit/536.26 (KHTML, like Gecko) Version/6.0 Mobile/10A5376e Safari/8536.25 (compatible; Googlebot/2.1; +http://www.google.com/bot.html)"
10.2.6.37 - - [03/Dec/2014:15:01:02 -0500] "GET /~schatz HTTP/1.1" 404 1248 "http://www2.middlesexcc.edu/info-for-faculty-and-staff/faculty-web-pages.html" "Mozilla/5.0 (Windows NT 6.3; WOW64) AppleWebKit/537.36 (KHTML, like Gecko) Chrome/39.0.2171.71 Safari/537.36"
10.2.6.37 - - [03/Dec/2014:15:01:02 -0500] "GET /favicon.ico HTTP/1.1" 404 1009 "-" "Mozilla/5.0 (Windows NT 6.3; WOW64) AppleWebKit/537.36 (KHTML, like Gecko) Chrome/39.0.2171.71 Safari/537.36"
10.2.6.41 - - [03/Dec/2014:15:01:07 -0500] "GET /favicon.ico HTTP/1.1" 404 1009 "-" "Mozilla/5.0 (Windows NT 6.3; WOW64) AppleWebKit/537.36 (KHTML, like Gecko) Chrome/39.0.2171.71 Safari/537.36"
10.1.33.88 - - [03/Dec/2014:15:01:43 -0500] "GET / HTTP/1.0" 200 3239 "-" "Servers Alive URL check"
10.2.6.37 - - [03/Dec/2014:15:01:27 -0500] "GET /~schatz/csc161/index.html HTTP/1.1" 200 4326 "-" "Mozilla/5.0 (Windows NT 6.3; WOW64) AppleWebKit/537.36 (KHTML, like Gecko) Chrome/39.0.2171.71 Safari/537.36"
10.2.6.37 - - [03/Dec/2014:15:02:00 -0500] "GET /~schatz/csc161/index.html HTTP/1.1" 200 4326 "-" "Mozilla/5.0 (Windows NT 6.3; WOW64) AppleWebKit/537.36 (KHTML, like Gecko) Chrome/39.0.2171.71 Safari/537.36"
122.248.183.22 - - [03/Dec/2014:15:01:32 -0500] "GET /~schatz/csc106/handouts/properties.events.html HTTP/1.1" 200 5531 "http://www.google.co.in/url?sa=t&rct=j&q=&esrc=s&source=web&cd=2&ved=0CCIQFjAB&url=http%3A%2F%2Fcs.middlesexcc.edu%2F~schatz%2Fcsc106%2Fhandouts%2Fproperties.events.html&ei=aWx_VPnHHs6F8gXPz4CICg&usg=AFQjCNEf6DcQj2d6bEyszrivGZ6nSpqv1A" "Mozilla/5.0 (Windows NT 6.1; WOW64; rv:31.0) Gecko/20100101 Firefox/31.0"
10.2.6.37 - - [03/Dec/2014:15:02:07 -0500] "GET /~schatz/detail.css HTTP/1.1" 200 960 "http://cs.middlesexcc.edu/~schatz/csc161/index.html" "Mozilla/5.0 (Windows NT 6.3; WOW64) AppleWebKit/537.36 (KHTML, like Gecko) Chrome/39.0.2171.71 Safari/537.36"
10.2.6.37 - - [03/Dec/2014:15:02:07 -0500] "GET /~schatz/images/name.new.gif HTTP/1.1" 200 4728 "http://cs.middlesexcc.edu/~schatz/csc161/index.html" "Mozilla/5.0 (Windows NT 6.3; WOW64) AppleWebKit/537.36 (KHTML, like Gecko) Chrome/39.0.2171.71 Safari/537.36"
10.2.6.37 - - [03/Dec/2014:15:02:07 -0500] "GET /~schatz/images/new.email.gif HTTP/1.1" 200 1378 "http://cs.middlesexcc.edu/~schatz/csc161/index.html" "Mozilla/5.0 (Windows NT 6.3; WOW64) AppleWebKit/537.36 (KHTML, like Gecko) Chrome/39.0.2171.71 Safari/537.36"
10.2.6.37 - - [03/Dec/2014:15:02:07 -0500] "GET /~schatz/images/myhome.gif HTTP/1.1" 200 1381 "http://cs.middlesexcc.edu/~schatz/csc161/index.html" "Mozilla/5.0 (Windows NT 6.3; WOW64) AppleWebKit/537.36 (KHTML, like Gecko) Chrome/39.0.2171.71 Safari/537.36"
10.2.6.37 - - [03/Dec/2014:15:02:07 -0500] "GET /~schatz/images/officehrs.new.gif HTTP/1.1" 200 1543 "http://cs.middlesexcc.edu/~schatz/csc161/index.html" "Mozilla/5.0 (Windows NT 6.3; WOW64) AppleWebKit/537.36 (KHTML, like Gecko) Chrome/39.0.2171.71 Safari/537.36"
10.2.6.37 - - [03/Dec/2014:15:02:07 -0500] "GET /~schatz/images/cshome.gif HTTP/1.1" 200 1537 "http://cs.middlesexcc.edu/~schatz/csc161/index.html" "Mozilla/5.0 (Windows NT 6.3; WOW64) AppleWebKit/537.36 (KHTML, like Gecko) Chrome/39.0.2171.71 Safari/537.36"
10.2.6.37 - - [03/Dec/2014:15:02:07 -0500] "GET /~schatz/images/mcchome.gif HTTP/1.1" 200 1450 "http://cs.middlesexcc.edu/~schatz/csc161/index.html" "Mozilla/5.0 (Windows NT 6.3; WOW64) AppleWebKit/537.36 (KHTML, like Gecko) Chrome/39.0.2171.71 Safari/537.36"
10.2.6.37 - - [03/Dec/2014:15:02:07 -0500] "GET /~schatz/images/roll.email.gif HTTP/1.1" 200 1378 "http://cs.middlesexcc.edu/~schatz/csc161/index.html" "Mozilla/5.0 (Windows NT 6.3; WOW64) AppleWebKit/537.36 (KHTML, like Gecko) Chrome/39.0.2171.71 Safari/537.36"
10.2.6.37 - - [03/Dec/2014:15:02:07 -0500] "GET /~schatz/images/roll.officehrs.gif HTTP/1.1" 200 1547 "http://cs.middlesexcc.edu/~schatz/csc161/index.html" "Mozilla/5.0 (Windows NT 6.3; WOW64) AppleWebKit/537.36 (KHTML, like Gecko) Chrome/39.0.2171.71 Safari/537.36"
10.2.6.37 - - [03/Dec/2014:15:02:07 -0500] "GET /~schatz/images/roll.myhome.gif HTTP/1.1" 200 1405 "http://cs.middlesexcc.edu/~schatz/csc161/index.html" "Mozilla/5.0 (Windows NT 6.3; WOW64) AppleWebKit/537.36 (KHTML, like Gecko) Chrome/39.0.2171.71 Safari/537.36"
10.2.6.37 - - [03/Dec/2014:15:02:07 -0500] "GET /~schatz/images/roll.cshome.gif HTTP/1.1" 200 1538 "http://cs.middlesexcc.edu/~schatz/csc161/index.html" "Mozilla/5.0 (Windows NT 6.3; WOW64) AppleWebKit/537.36 (KHTML, like Gecko) Chrome/39.0.2171.71 Safari/537.36"
10.2.6.37 - - [03/Dec/2014:15:02:07 -0500] "GET /~schatz/images/roll.mcchome.gif HTTP/1.1" 200 1467 "http://cs.middlesexcc.edu/~schatz/csc161/index.html" "Mozilla/5.0 (Windows NT 6.3; WOW64) AppleWebKit/537.36 (KHTML, like Gecko) Chrome/39.0.2171.71 Safari/537.36"
122.248.183.22 - - [03/Dec/2014:15:02:07 -0500] "GET /favicon.ico HTTP/1.1" 404 1009 "-" "Mozilla/5.0 (Windows NT 6.1; WOW64; rv:31.0) Gecko/20100101 Firefox/31.0"
122.248.183.22 - - [03/Dec/2014:15:02:08 -0500] "GET /favicon.ico HTTP/1.1" 404 1009 "-" "Mozilla/5.0 (Windows NT 6.1; WOW64; rv:31.0) Gecko/20100101 Firefox/31.0"
122.248.183.22 - - [03/Dec/2014:15:02:08 -0500] "GET /favicon.ico HTTP/1.1" 404 1009 "-" "Mozilla/5.0 (Windows NT 6.1; WOW64; rv:31.0) Gecko/20100101 Firefox/31.0"
10.2.6.37 - - [03/Dec/2014:15:02:20 -0500] "GET /~schatz/csc161/csc161.exams.html HTTP/1.1" 404 1196 "http://cs.middlesexcc.edu/~schatz/csc161/index.html" "Mozilla/5.0 (Windows NT 6.3; WOW64) AppleWebKit/537.36 (KHTML, like Gecko) Chrome/39.0.2171.71 Safari/537.36"
10.2.6.37 - - [03/Dec/2014:15:02:22 -0500] "GET /~schatz/csc161/csc161.worksheets.html HTTP/1.1" 200 6376 "http://cs.middlesexcc.edu/~schatz/csc161/index.html" "Mozilla/5.0 (Windows NT 6.3; WOW64) AppleWebKit/537.36 (KHTML, like Gecko) Chrome/39.0.2171.71 Safari/537.36"
10.2.6.37 - - [03/Dec/2014:15:02:25 -0500] "GET /~schatz/csc161/worksheets/final.review.html HTTP/1.1" 200 6302 "http://cs.middlesexcc.edu/~schatz/csc161/csc161.worksheets.html" "Mozilla/5.0 (Windows NT 6.3; WOW64) AppleWebKit/537.36 (KHTML, like Gecko) Chrome/39.0.2171.71 Safari/537.36"
10.2.6.37 - - [03/Dec/2014:15:02:41 -0500] "GET /~schatz/csc161/worksheets/final.review.ans.html HTTP/1.1" 200 6006 "http://cs.middlesexcc.edu/~schatz/csc161/csc161.worksheets.html" "Mozilla/5.0 (Windows NT 6.3; WOW64) AppleWebKit/537.36 (KHTML, like Gecko) Chrome/39.0.2171.71 Safari/537.36"
10.2.6.37 - - [03/Dec/2014:15:02:52 -0500] "GET /~schatz/csc161/worksheets/twod.array.worksheet.html HTTP/1.1" 200 4196 "http://cs.middlesexcc.edu/~schatz/csc161/csc161.worksheets.html" "Mozilla/5.0 (Windows NT 6.3; WOW64) AppleWebKit/537.36 (KHTML, like Gecko) Chrome/39.0.2171.71 Safari/537.36"
10.2.6.37 - - [03/Dec/2014:15:03:02 -0500] "GET /~schatz/csc161/worksheets/twod.array.worksheet.ans.html HTTP/1.1" 404 1220 "http://cs.middlesexcc.edu/~schatz/csc161/csc161.worksheets.html" "Mozilla/5.0 (Windows NT 6.3; WOW64) AppleWebKit/537.36 (KHTML, like Gecko) Chrome/39.0.2171.71 Safari/537.36"
10.2.6.37 - - [03/Dec/2014:15:03:05 -0500] "GET /~schatz/csc161/worksheets/twod.array.worksheet.ans.html HTTP/1.1" 404 1220 "http://cs.middlesexcc.edu/~schatz/csc161/csc161.worksheets.html" "Mozilla/5.0 (Windows NT 6.3; WOW64) AppleWebKit/537.36 (KHTML, like Gecko) Chrome/39.0.2171.71 Safari/537.36"
10.2.6.37 - - [03/Dec/2014:15:03:07 -0500] "GET /~schatz/csc161/worksheets/array.worksheet.two.html HTTP/1.1" 200 2485 "http://cs.middlesexcc.edu/~schatz/csc161/csc161.worksheets.html" "Mozilla/5.0 (Windows NT 6.3; WOW64) AppleWebKit/537.36 (KHTML, like Gecko) Chrome/39.0.2171.71 Safari/537.36"
10.2.6.37 - - [03/Dec/2014:15:03:12 -0500] "GET /~schatz/csc161/worksheets/array.worksheet.one.html HTTP/1.1" 200 1638 "http://cs.middlesexcc.edu/~schatz/csc161/csc161.worksheets.html" "Mozilla/5.0 (Windows NT 6.3; WOW64) AppleWebKit/537.36 (KHTML, like Gecko) Chrome/39.0.2171.71 Safari/537.36"
10.2.6.37 - - [03/Dec/2014:15:03:21 -0500] "GET /~schatz/csc161/worksheets/array.worksheet.one.ans.html HTTP/1.1" 200 1533 "http://cs.middlesexcc.edu/~schatz/csc161/csc161.worksheets.html" "Mozilla/5.0 (Windows NT 6.3; WOW64) AppleWebKit/537.36 (KHTML, like Gecko) Chrome/39.0.2171.71 Safari/537.36"
10.2.6.37 - - [03/Dec/2014:15:03:26 -0500] "GET /~schatz/csc161/worksheets/array.worksheet.html HTTP/1.1" 200 5248 "http://cs.middlesexcc.edu/~schatz/csc161/csc161.worksheets.html" "Mozilla/5.0 (Windows NT 6.3; WOW64) AppleWebKit/537.36 (KHTML, like Gecko) Chrome/39.0.2171.71 Safari/537.36"
10.2.6.37 - - [03/Dec/2014:15:03:40 -0500] "GET /~schatz/csc161/worksheets/array.worksheet.ans.html HTTP/1.1" 200 2581 "http://cs.middlesexcc.edu/~schatz/csc161/csc161.worksheets.html" "Mozilla/5.0 (Windows NT 6.3; WOW64) AppleWebKit/537.36 (KHTML, like Gecko) Chrome/39.0.2171.71 Safari/537.36"
10.2.6.37 - - [03/Dec/2014:15:03:48 -0500] "GET /~schatz/csc161/worksheets/loop.worksheet.html HTTP/1.1" 200 6444 "http://cs.middlesexcc.edu/~schatz/csc161/csc161.worksheets.html" "Mozilla/5.0 (Windows NT 6.3; WOW64) AppleWebKit/537.36 (KHTML, like Gecko) Chrome/39.0.2171.71 Safari/537.36"
10.2.6.37 - - [03/Dec/2014:15:03:53 -0500] "GET /~schatz/csc161/worksheets/if.nested.worksheet.html HTTP/1.1" 200 2691 "http://cs.middlesexcc.edu/~schatz/csc161/csc161.worksheets.html" "Mozilla/5.0 (Windows NT 6.3; WOW64) AppleWebKit/537.36 (KHTML, like Gecko) Chrome/39.0.2171.71 Safari/537.36"
10.2.6.21 - - [03/Dec/2014:15:05:42 -0500] "GET /~schatz/csc161/labs/csc161.lab11.html HTTP/1.1" 200 3515 "http://cs.middlesexcc.edu/~schatz/csc161/csc161.labs.html" "Mozilla/5.0 (Windows NT 6.3; WOW64; rv:28.0) Gecko/20100101 Firefox/28.0"
66.249.67.152 - - [03/Dec/2014:15:05:45 -0500] "GET /~schatz/csc264/homework/hamming.hwk.html HTTP/1.1" 304 - "-" "Mozilla/5.0 (compatible; Googlebot/2.1; +http://www.google.com/bot.html)"
10.1.33.88 - - [03/Dec/2014:15:05:49 -0500] "GET / HTTP/1.0" 200 3239 "-" "Servers Alive URL check"
10.2.6.33 - - [03/Dec/2014:15:06:57 -0500] "GET /~schatz/index.html HTTP/1.1" 200 8534 "-" "Mozilla/5.0 (Windows NT 6.3; WOW64) AppleWebKit/537.36 (KHTML, like Gecko) Chrome/35.0.1916.153 Safari/537.36"
10.2.6.33 - - [03/Dec/2014:15:06:57 -0500] "GET /~schatz/detail.css HTTP/1.1" 200 960 "http://cs.middlesexcc.edu/~schatz/index.html" "Mozilla/5.0 (Windows NT 6.3; WOW64) AppleWebKit/537.36 (KHTML, like Gecko) Chrome/35.0.1916.153 Safari/537.36"
10.2.6.33 - - [03/Dec/2014:15:06:57 -0500] "GET /~schatz/images/name.new.gif HTTP/1.1" 200 4728 "http://cs.middlesexcc.edu/~schatz/index.html" "Mozilla/5.0 (Windows NT 6.3; WOW64) AppleWebKit/537.36 (KHTML, like Gecko) Chrome/35.0.1916.153 Safari/537.36"
10.2.6.33 - - [03/Dec/2014:15:06:57 -0500] "GET /~schatz/images/officehrs.new.gif HTTP/1.1" 200 1543 "http://cs.middlesexcc.edu/~schatz/index.html" "Mozilla/5.0 (Windows NT 6.3; WOW64) AppleWebKit/537.36 (KHTML, like Gecko) Chrome/35.0.1916.153 Safari/537.36"
10.2.6.33 - - [03/Dec/2014:15:06:57 -0500] "GET /~schatz/images/myhome.gif HTTP/1.1" 200 1381 "http://cs.middlesexcc.edu/~schatz/index.html" "Mozilla/5.0 (Windows NT 6.3; WOW64) AppleWebKit/537.36 (KHTML, like Gecko) Chrome/35.0.1916.153 Safari/537.36"
10.2.6.33 - - [03/Dec/2014:15:06:57 -0500] "GET /~schatz/images/new.email.gif HTTP/1.1" 200 1378 "http://cs.middlesexcc.edu/~schatz/index.html" "Mozilla/5.0 (Windows NT 6.3; WOW64) AppleWebKit/537.36 (KHTML, like Gecko) Chrome/35.0.1916.153 Safari/537.36"
10.2.6.33 - - [03/Dec/2014:15:06:57 -0500] "GET /~schatz/images/cshome.gif HTTP/1.1" 200 1537 "http://cs.middlesexcc.edu/~schatz/index.html" "Mozilla/5.0 (Windows NT 6.3; WOW64) AppleWebKit/537.36 (KHTML, like Gecko) Chrome/35.0.1916.153 Safari/537.36"
10.2.6.33 - - [03/Dec/2014:15:06:57 -0500] "GET /~schatz/images/mcchome.gif HTTP/1.1" 200 1450 "http://cs.middlesexcc.edu/~schatz/index.html" "Mozilla/5.0 (Windows NT 6.3; WOW64) AppleWebKit/537.36 (KHTML, like Gecko) Chrome/35.0.1916.153 Safari/537.36"
10.2.6.33 - - [03/Dec/2014:15:06:57 -0500] "GET /~schatz/images/roll.email.gif HTTP/1.1" 200 1378 "http://cs.middlesexcc.edu/~schatz/index.html" "Mozilla/5.0 (Windows NT 6.3; WOW64) AppleWebKit/537.36 (KHTML, like Gecko) Chrome/35.0.1916.153 Safari/537.36"
10.2.6.33 - - [03/Dec/2014:15:06:57 -0500] "GET /~schatz/images/roll.officehrs.gif HTTP/1.1" 200 1547 "http://cs.middlesexcc.edu/~schatz/index.html" "Mozilla/5.0 (Windows NT 6.3; WOW64) AppleWebKit/537.36 (KHTML, like Gecko) Chrome/35.0.1916.153 Safari/537.36"
10.2.6.33 - - [03/Dec/2014:15:06:57 -0500] "GET /~schatz/images/roll.myhome.gif HTTP/1.1" 200 1405 "http://cs.middlesexcc.edu/~schatz/index.html" "Mozilla/5.0 (Windows NT 6.3; WOW64) AppleWebKit/537.36 (KHTML, like Gecko) Chrome/35.0.1916.153 Safari/537.36"
10.2.6.33 - - [03/Dec/2014:15:06:57 -0500] "GET /~schatz/images/roll.cshome.gif HTTP/1.1" 200 1538 "http://cs.middlesexcc.edu/~schatz/index.html" "Mozilla/5.0 (Windows NT 6.3; WOW64) AppleWebKit/537.36 (KHTML, like Gecko) Chrome/35.0.1916.153 Safari/537.36"
10.2.6.33 - - [03/Dec/2014:15:06:57 -0500] "GET /~schatz/images/roll.mcchome.gif HTTP/1.1" 200 1467 "http://cs.middlesexcc.edu/~schatz/index.html" "Mozilla/5.0 (Windows NT 6.3; WOW64) AppleWebKit/537.36 (KHTML, like Gecko) Chrome/35.0.1916.153 Safari/537.36"
10.2.6.33 - - [03/Dec/2014:15:07:02 -0500] "GET /~schatz/csc161/index.html HTTP/1.1" 200 4326 "http://cs.middlesexcc.edu/~schatz/index.html" "Mozilla/5.0 (Windows NT 6.3; WOW64) AppleWebKit/537.36 (KHTML, like Gecko) Chrome/35.0.1916.153 Safari/537.36"
10.2.6.33 - - [03/Dec/2014:15:07:12 -0500] "GET /~schatz/csc161/csc161.labs.html HTTP/1.1" 200 3961 "http://cs.middlesexcc.edu/~schatz/csc161/index.html" "Mozilla/5.0 (Windows NT 6.3; WOW64) AppleWebKit/537.36 (KHTML, like Gecko) Chrome/35.0.1916.153 Safari/537.36"
10.2.6.33 - - [03/Dec/2014:15:07:18 -0500] "GET /~schatz/csc161/labs/csc161.lab11.html HTTP/1.1" 200 3515 "http://cs.middlesexcc.edu/~schatz/csc161/csc161.labs.html" "Mozilla/5.0 (Windows NT 6.3; WOW64) AppleWebKit/537.36 (KHTML, like Gecko) Chrome/35.0.1916.153 Safari/537.36"
10.1.33.88 - - [03/Dec/2014:15:09:56 -0500] "GET / HTTP/1.0" 200 3239 "-" "Servers Alive URL check"
10.2.6.54 - - [03/Dec/2014:15:10:44 -0500] "GET /~schtaz HTTP/1.1" 404 1009 "-" "Mozilla/5.0 (Windows NT 6.3; WOW64) AppleWebKit/537.36 (KHTML, like Gecko) Chrome/35.0.1916.153 Safari/537.36"
10.2.6.54 - - [03/Dec/2014:15:10:44 -0500] "GET /favicon.ico HTTP/1.1" 404 1009 "-" "Mozilla/5.0 (Windows NT 6.3; WOW64) AppleWebKit/537.36 (KHTML, like Gecko) Chrome/35.0.1916.153 Safari/537.36"
10.2.6.54 - - [03/Dec/2014:15:10:47 -0500] "GET /~schatz HTTP/1.1" 301 329 "-" "Mozilla/5.0 (Windows NT 6.3; WOW64) AppleWebKit/537.36 (KHTML, like Gecko) Chrome/35.0.1916.153 Safari/537.36"
10.2.6.54 - - [03/Dec/2014:15:10:47 -0500] "GET /~schatz/ HTTP/1.1" 200 8534 "-" "Mozilla/5.0 (Windows NT 6.3; WOW64) AppleWebKit/537.36 (KHTML, like Gecko) Chrome/35.0.1916.153 Safari/537.36"
10.2.6.54 - - [03/Dec/2014:15:10:47 -0500] "GET /~schatz/detail.css HTTP/1.1" 200 960 "http://cs.middlesexcc.edu/~schatz/" "Mozilla/5.0 (Windows NT 6.3; WOW64) AppleWebKit/537.36 (KHTML, like Gecko) Chrome/35.0.1916.153 Safari/537.36"
10.2.6.54 - - [03/Dec/2014:15:10:47 -0500] "GET /~schatz/images/name.new.gif HTTP/1.1" 200 4728 "http://cs.middlesexcc.edu/~schatz/" "Mozilla/5.0 (Windows NT 6.3; WOW64) AppleWebKit/537.36 (KHTML, like Gecko) Chrome/35.0.1916.153 Safari/537.36"
10.2.6.54 - - [03/Dec/2014:15:10:47 -0500] "GET /~schatz/images/cshome.gif HTTP/1.1" 200 1537 "http://cs.middlesexcc.edu/~schatz/" "Mozilla/5.0 (Windows NT 6.3; WOW64) AppleWebKit/537.36 (KHTML, like Gecko) Chrome/35.0.1916.153 Safari/537.36"
10.2.6.54 - - [03/Dec/2014:15:10:47 -0500] "GET /~schatz/images/officehrs.new.gif HTTP/1.1" 200 1543 "http://cs.middlesexcc.edu/~schatz/" "Mozilla/5.0 (Windows NT 6.3; WOW64) AppleWebKit/537.36 (KHTML, like Gecko) Chrome/35.0.1916.153 Safari/537.36"
10.2.6.54 - - [03/Dec/2014:15:10:47 -0500] "GET /~schatz/images/myhome.gif HTTP/1.1" 200 1381 "http://cs.middlesexcc.edu/~schatz/" "Mozilla/5.0 (Windows NT 6.3; WOW64) AppleWebKit/537.36 (KHTML, like Gecko) Chrome/35.0.1916.153 Safari/537.36"
10.2.6.54 - - [03/Dec/2014:15:10:47 -0500] "GET /~schatz/images/new.email.gif HTTP/1.1" 200 1378 "http://cs.middlesexcc.edu/~schatz/" "Mozilla/5.0 (Windows NT 6.3; WOW64) AppleWebKit/537.36 (KHTML, like Gecko) Chrome/35.0.1916.153 Safari/537.36"
10.2.6.54 - - [03/Dec/2014:15:10:47 -0500] "GET /~schatz/images/mcchome.gif HTTP/1.1" 200 1450 "http://cs.middlesexcc.edu/~schatz/" "Mozilla/5.0 (Windows NT 6.3; WOW64) AppleWebKit/537.36 (KHTML, like Gecko) Chrome/35.0.1916.153 Safari/537.36"
10.2.6.54 - - [03/Dec/2014:15:10:47 -0500] "GET /~schatz/images/roll.email.gif HTTP/1.1" 200 1378 "http://cs.middlesexcc.edu/~schatz/" "Mozilla/5.0 (Windows NT 6.3; WOW64) AppleWebKit/537.36 (KHTML, like Gecko) Chrome/35.0.1916.153 Safari/537.36"
10.2.6.54 - - [03/Dec/2014:15:10:47 -0500] "GET /~schatz/images/roll.officehrs.gif HTTP/1.1" 200 1547 "http://cs.middlesexcc.edu/~schatz/" "Mozilla/5.0 (Windows NT 6.3; WOW64) AppleWebKit/537.36 (KHTML, like Gecko) Chrome/35.0.1916.153 Safari/537.36"
10.2.6.54 - - [03/Dec/2014:15:10:47 -0500] "GET /~schatz/images/roll.myhome.gif HTTP/1.1" 200 1405 "http://cs.middlesexcc.edu/~schatz/" "Mozilla/5.0 (Windows NT 6.3; WOW64) AppleWebKit/537.36 (KHTML, like Gecko) Chrome/35.0.1916.153 Safari/537.36"
10.2.6.54 - - [03/Dec/2014:15:10:47 -0500] "GET /~schatz/images/roll.cshome.gif HTTP/1.1" 200 1538 "http://cs.middlesexcc.edu/~schatz/" "Mozilla/5.0 (Windows NT 6.3; WOW64) AppleWebKit/537.36 (KHTML, like Gecko) Chrome/35.0.1916.153 Safari/537.36"
10.2.6.54 - - [03/Dec/2014:15:10:47 -0500] "GET /~schatz/images/roll.mcchome.gif HTTP/1.1" 200 1467 "http://cs.middlesexcc.edu/~schatz/" "Mozilla/5.0 (Windows NT 6.3; WOW64) AppleWebKit/537.36 (KHTML, like Gecko) Chrome/35.0.1916.153 Safari/537.36"
10.2.6.54 - - [03/Dec/2014:15:10:48 -0500] "GET /~schatz/csc105/index.html HTTP/1.1" 200 4196 "http://cs.middlesexcc.edu/~schatz/" "Mozilla/5.0 (Windows NT 6.3; WOW64) AppleWebKit/537.36 (KHTML, like Gecko) Chrome/35.0.1916.153 Safari/537.36"
10.2.6.54 - - [03/Dec/2014:15:10:51 -0500] "GET /~schatz/csc161/index.html HTTP/1.1" 200 4326 "http://cs.middlesexcc.edu/~schatz/" "Mozilla/5.0 (Windows NT 6.3; WOW64) AppleWebKit/537.36 (KHTML, like Gecko) Chrome/35.0.1916.153 Safari/537.36"
10.2.6.54 - - [03/Dec/2014:15:10:52 -0500] "GET /~schatz/csc161/csc161.labs.html HTTP/1.1" 200 3961 "http://cs.middlesexcc.edu/~schatz/csc161/index.html" "Mozilla/5.0 (Windows NT 6.3; WOW64) AppleWebKit/537.36 (KHTML, like Gecko) Chrome/35.0.1916.153 Safari/537.36"
10.2.6.54 - - [03/Dec/2014:15:10:53 -0500] "GET /~schatz/csc161/labs/csc161.lab11.html HTTP/1.1" 200 3515 "http://cs.middlesexcc.edu/~schatz/csc161/csc161.labs.html" "Mozilla/5.0 (Windows NT 6.3; WOW64) AppleWebKit/537.36 (KHTML, like Gecko) Chrome/35.0.1916.153 Safari/537.36"
10.22.14.236 - - [03/Dec/2014:15:13:34 -0500] "GET /~schatz/csc263/index.html HTTP/1.1" 304 - "-" "Mozilla/5.0 (Macintosh; Intel Mac OS X 10_9_5) AppleWebKit/537.36 (KHTML, like Gecko) Chrome/39.0.2171.71 Safari/537.36"
10.22.14.236 - - [03/Dec/2014:15:13:34 -0500] "GET /~schatz/detail.css HTTP/1.1" 304 - "http://cs.middlesexcc.edu/~schatz/csc263/index.html" "Mozilla/5.0 (Macintosh; Intel Mac OS X 10_9_5) AppleWebKit/537.36 (KHTML, like Gecko) Chrome/39.0.2171.71 Safari/537.36"
10.22.14.236 - - [03/Dec/2014:15:13:34 -0500] "GET /~schatz/images/name.new.gif HTTP/1.1" 304 - "http://cs.middlesexcc.edu/~schatz/csc263/index.html" "Mozilla/5.0 (Macintosh; Intel Mac OS X 10_9_5) AppleWebKit/537.36 (KHTML, like Gecko) Chrome/39.0.2171.71 Safari/537.36"
10.22.14.236 - - [03/Dec/2014:15:13:34 -0500] "GET /~schatz/images/myhome.gif HTTP/1.1" 304 - "http://cs.middlesexcc.edu/~schatz/csc263/index.html" "Mozilla/5.0 (Macintosh; Intel Mac OS X 10_9_5) AppleWebKit/537.36 (KHTML, like Gecko) Chrome/39.0.2171.71 Safari/537.36"
10.22.14.236 - - [03/Dec/2014:15:13:34 -0500] "GET /~schatz/images/cshome.gif HTTP/1.1" 304 - "http://cs.middlesexcc.edu/~schatz/csc263/index.html" "Mozilla/5.0 (Macintosh; Intel Mac OS X 10_9_5) AppleWebKit/537.36 (KHTML, like Gecko) Chrome/39.0.2171.71 Safari/537.36"
10.22.14.236 - - [03/Dec/2014:15:13:34 -0500] "GET /~schatz/images/new.email.gif HTTP/1.1" 200 1378 "http://cs.middlesexcc.edu/~schatz/csc263/index.html" "Mozilla/5.0 (Macintosh; Intel Mac OS X 10_9_5) AppleWebKit/537.36 (KHTML, like Gecko) Chrome/39.0.2171.71 Safari/537.36"
10.22.14.236 - - [03/Dec/2014:15:13:34 -0500] "GET /~schatz/images/officehrs.new.gif HTTP/1.1" 304 - "http://cs.middlesexcc.edu/~schatz/csc263/index.html" "Mozilla/5.0 (Macintosh; Intel Mac OS X 10_9_5) AppleWebKit/537.36 (KHTML, like Gecko) Chrome/39.0.2171.71 Safari/537.36"
10.22.14.236 - - [03/Dec/2014:15:13:34 -0500] "GET /~schatz/images/mcchome.gif HTTP/1.1" 304 - "http://cs.middlesexcc.edu/~schatz/csc263/index.html" "Mozilla/5.0 (Macintosh; Intel Mac OS X 10_9_5) AppleWebKit/537.36 (KHTML, like Gecko) Chrome/39.0.2171.71 Safari/537.36"
10.22.14.236 - - [03/Dec/2014:15:13:34 -0500] "GET /~schatz/images/roll.email.gif HTTP/1.1" 304 - "http://cs.middlesexcc.edu/~schatz/csc263/index.html" "Mozilla/5.0 (Macintosh; Intel Mac OS X 10_9_5) AppleWebKit/537.36 (KHTML, like Gecko) Chrome/39.0.2171.71 Safari/537.36"
10.22.14.236 - - [03/Dec/2014:15:13:34 -0500] "GET /~schatz/images/roll.officehrs.gif HTTP/1.1" 304 - "http://cs.middlesexcc.edu/~schatz/csc263/index.html" "Mozilla/5.0 (Macintosh; Intel Mac OS X 10_9_5) AppleWebKit/537.36 (KHTML, like Gecko) Chrome/39.0.2171.71 Safari/537.36"
10.22.14.236 - - [03/Dec/2014:15:13:34 -0500] "GET /~schatz/images/roll.cshome.gif HTTP/1.1" 304 - "http://cs.middlesexcc.edu/~schatz/csc263/index.html" "Mozilla/5.0 (Macintosh; Intel Mac OS X 10_9_5) AppleWebKit/537.36 (KHTML, like Gecko) Chrome/39.0.2171.71 Safari/537.36"
10.22.14.236 - - [03/Dec/2014:15:13:34 -0500] "GET /~schatz/images/roll.mcchome.gif HTTP/1.1" 304 - "http://cs.middlesexcc.edu/~schatz/csc263/index.html" "Mozilla/5.0 (Macintosh; Intel Mac OS X 10_9_5) AppleWebKit/537.36 (KHTML, like Gecko) Chrome/39.0.2171.71 Safari/537.36"
10.22.14.236 - - [03/Dec/2014:15:13:34 -0500] "GET /~schatz/images/roll.myhome.gif HTTP/1.1" 304 - "http://cs.middlesexcc.edu/~schatz/csc263/index.html" "Mozilla/5.0 (Macintosh; Intel Mac OS X 10_9_5) AppleWebKit/537.36 (KHTML, like Gecko) Chrome/39.0.2171.71 Safari/537.36"
10.22.14.236 - - [03/Dec/2014:15:13:43 -0500] "GET /~schatz/csc263/csc263.labs.html HTTP/1.1" 200 3764 "http://cs.middlesexcc.edu/~schatz/csc263/index.html" "Mozilla/5.0 (Macintosh; Intel Mac OS X 10_9_5) AppleWebKit/537.36 (KHTML, like Gecko) Chrome/39.0.2171.71 Safari/537.36"
10.22.14.236 - - [03/Dec/2014:15:13:45 -0500] "GET /~schatz/csc263/labs/csc263.lab4.html HTTP/1.1" 200 1521 "http://cs.middlesexcc.edu/~schatz/csc263/csc263.labs.html" "Mozilla/5.0 (Macintosh; Intel Mac OS X 10_9_5) AppleWebKit/537.36 (KHTML, like Gecko) Chrome/39.0.2171.71 Safari/537.36"
10.1.33.88 - - [03/Dec/2014:15:14:02 -0500] "GET / HTTP/1.0" 200 3239 "-" "Servers Alive URL check"
188.165.15.192 - - [03/Dec/2014:15:14:37 -0500] "GET /~schatz/csc134/labs/submit.html HTTP/1.1" 200 3516 "-" "Mozilla/5.0 (compatible; AhrefsBot/5.0; +http://ahrefs.com/robot/)"
66.249.67.8 - - [03/Dec/2014:15:15:52 -0500] "GET /~schatz/csc263/worksheets/digital.logic.html HTTP/1.1" 304 - "-" "Mozilla/5.0 (compatible; Googlebot/2.1; +http://www.google.com/bot.html)"
66.249.67.108 - - [03/Dec/2014:15:15:53 -0500] "GET /~schatz/csc233/handouts/ones.twos.complement.html HTTP/1.1" 304 - "-" "Mozilla/5.0 (compatible; Googlebot/2.1; +http://www.google.com/bot.html)"
66.249.67.100 - - [03/Dec/2014:15:15:53 -0500] "GET /~schatz/csc236/homework/recursion.hwk.answers.html HTTP/1.1" 404 1012 "-" "Mozilla/5.0 (compatible; Googlebot/2.1; +http://www.google.com/bot.html)"
69.194.230.99 - - [03/Dec/2014:15:16:49 -0500] "GET /wp-admin/ HTTP/1.1" 404 1009 "-" "-"
